// Jest Snapshot v1, https://goo.gl/fbAQLP

exports[`<GameofLive /> renders correctly 1`] = `
<div
  className="GameofLive"
>
  <div
    className="container"
  >
    <div
      className="row"
    >
      <div
        className="col"
      >
        <h1>
          Gameof Live
        </h1>
      </div>
    </div>
  </div>
</div>
`;
