// Jest Snapshot v1, https://goo.gl/fbAQLP

exports[`<PersonalPortfolioWebpage /> renders correctly 1`] = `
<div>
  <nav
    className="navbar navbar-expand-md navbar-light bg-light"
  >
    <a
      className="navbar-brand"
      href="/"
    >
      Portfolio
    </a>
    <button
      className="navbar-toggler"
      onClick={[Function]}
      type="button"
    >
      <span
        className="navbar-toggler-icon"
      />
    </button>
    <div
      className="collapse navbar-collapse"
      style={Object {}}
    >
      <ul
        className="ml-auto navbar-nav"
      >
        <li
          className="nav-item"
        >
          <a
            className="nav-link"
            href="#about"
            onClick={[Function]}
          >
            About
          </a>
        </li>
        <li
          className="nav-item"
        >
          <a
            className="nav-link"
            href="#portfolio"
            onClick={[Function]}
          >
            Portfolio
          </a>
        </li>
        <li
          className="nav-item"
        >
          <a
            className="nav-link"
            href="#contact"
            onClick={[Function]}
          >
            Contact
          </a>
        </li>
      </ul>
    </div>
  </nav>
  <div
    className="container"
  >
    <div
      class="PersonalPortfolioWebpage"
    >
      <section
        class="PersonalPortfolioWebpage_about"
        id="about"
      >
        <div>
          <div
            className="row"
          >
            <div
              className="col-12"
            >
              <h1>
                P1xt
              </h1>
              <p>
                Freelance Software Engineer specializing in full stack JavaScript Web development.
              </p>
            </div>
            <div
              className="col-12"
            >
              <h2>
                Current Focus
              </h2>
              <hr />
              <h3>
                Professionally
              </h3>
              <ul>
                <li>
                  Angular
                </li>
                <li>
                  Node.js
                </li>
                <li>
                  Ionic
                </li>
              </ul>
              <h3>
                Speedrun
              </h3>
              <ul>
                <li>
                  React.js
                </li>
                <li>
                  Node.js
                </li>
                <li>
                  Phaser.js
                </li>
              </ul>
            </div>
          </div>
        </div>
      </section>
      <section
        class="PersonalPortfolioWebpage_portfolio"
        id="portfolio"
      >
        <h1>
          Portfolio
        </h1>
        <p>
          Examples of my recent work:
        </p>
        <div
          class="projects"
        >
          <div
            className="row"
          >
            <div
              className="col-12 col-md-6"
            >
              <div
                className="card"
              >
                <img
                  alt="project"
                  className="card-img-top"
                  src="/images/tribute_page.png"
                  width="100%"
                />
                <div
                  className="card-header"
                >
                  <h5
                    className="card-title"
                  >
                    Tribute Page
                  </h5>
                  <h6
                    className="card-subtitle"
                  >
                    May 2018 Speedrun
                  </h6>
                </div>
                <div
                  className="card-body"
                >
                  <p
                    className="card-text"
                  >
                    Implementation of the Free Code Camp 
                    Tribute Page
                     
                    project in React.js for May 2018 Speedrun.
                  </p>
                </div>
              </div>
            </div>
            <div
              className="col-12 col-md-6"
            >
              <div
                className="card"
              >
                <img
                  alt="project"
                  className="card-img-top"
                  src="/images/random_quote_machine.png"
                  width="100%"
                />
                <div
                  className="card-header"
                >
                  <h5
                    className="card-title"
                  >
                    Random Quote
                  </h5>
                  <h6
                    className="card-subtitle"
                  >
                    May 2018 Speedrun
                  </h6>
                </div>
                <div
                  className="card-body"
                >
                  <p
                    className="card-text"
                  >
                    Implementation of the Free Code Camp 
                    Random Quote
                     
                    project in React.js for May 2018 Speedrun.
                  </p>
                </div>
              </div>
            </div>
            <div
              className="col-12 col-md-6"
            >
              <div
                className="card"
              >
                <img
                  alt="project"
                  className="card-img-top"
                  src="/images/local_weather.png"
                  width="100%"
                />
                <div
                  className="card-header"
                >
                  <h5
                    className="card-title"
                  >
                    Local Weather
                  </h5>
                  <h6
                    className="card-subtitle"
                  >
                    May 2018 Speedrun
                  </h6>
                </div>
                <div
                  className="card-body"
                >
                  <p
                    className="card-text"
                  >
                    Implementation of the Free Code Camp 
                    Local Weather
                     
                    project in React.js for May 2018 Speedrun.
                  </p>
                </div>
              </div>
            </div>
            <div
              className="col-12 col-md-6"
            >
              <div
                className="card"
              >
                <img
                  alt="project"
                  className="card-img-top"
                  src="/images/wikipedia_viewer.png"
                  width="100%"
                />
                <div
                  className="card-header"
                >
                  <h5
                    className="card-title"
                  >
                    Wikipedia Viewer
                  </h5>
                  <h6
                    className="card-subtitle"
                  >
                    May 2018 Speedrun
                  </h6>
                </div>
                <div
                  className="card-body"
                >
                  <p
                    className="card-text"
                  >
                    Implementation of the Free Code Camp 
                    Wikipedia Viewer
                     
                    project in React.js for May 2018 Speedrun.
                  </p>
                </div>
              </div>
            </div>
            <div
              className="col-12 col-md-6"
            >
              <div
                className="card"
              >
                <img
                  alt="project"
                  className="card-img-top"
                  src="/images/twitch_tv.png"
                  width="100%"
                />
                <div
                  className="card-header"
                >
                  <h5
                    className="card-title"
                  >
                    Twitch TV
                  </h5>
                  <h6
                    className="card-subtitle"
                  >
                    May 2018 Speedrun
                  </h6>
                </div>
                <div
                  className="card-body"
                >
                  <p
                    className="card-text"
                  >
                    Implementation of the Free Code Camp 
                    Twitch TV
                     
                    project in React.js for May 2018 Speedrun.
                  </p>
                </div>
              </div>
            </div>
            <div
              className="col-12 col-md-6"
            >
              <div
                className="card"
              >
                <img
                  alt="project"
                  className="card-img-top"
                  src="/images/javascript_calculator.png"
                  width="100%"
                />
                <div
                  className="card-header"
                >
                  <h5
                    className="card-title"
                  >
                    Calculator
                  </h5>
                  <h6
                    className="card-subtitle"
                  >
                    May 2018 Speedrun
                  </h6>
                </div>
                <div
                  className="card-body"
                >
                  <p
                    className="card-text"
                  >
                    Implementation of the Free Code Camp 
                    Calculator
                     
                    project in React.js for May 2018 Speedrun.
                  </p>
                </div>
              </div>
            </div>
            <div
              className="col-12 col-md-6"
            >
              <div
                className="card"
              >
                <img
                  alt="project"
                  className="card-img-top"
                  src="/images/pomodoro_clock.png"
                  width="100%"
                />
                <div
                  className="card-header"
                >
                  <h5
                    className="card-title"
                  >
                    Pomodoro Clock
                  </h5>
                  <h6
                    className="card-subtitle"
                  >
                    May 2018 Speedrun
                  </h6>
                </div>
                <div
                  className="card-body"
                >
                  <p
                    className="card-text"
                  >
                    Implementation of the Free Code Camp 
                    Pomodoro Clock
                     
                    project in React.js for May 2018 Speedrun.
                  </p>
                </div>
              </div>
            </div>
            <div
              className="col-12 col-md-6"
            >
              <div
                className="card"
              >
                <img
                  alt="project"
                  className="card-img-top"
                  src="/images/tic_tac_toe.png"
                  width="100%"
                />
                <div
                  className="card-header"
                >
                  <h5
                    className="card-title"
                  >
                    Tic Tac Toe
                  </h5>
                  <h6
                    className="card-subtitle"
                  >
                    May 2018 Speedrun
                  </h6>
                </div>
                <div
                  className="card-body"
                >
                  <p
                    className="card-text"
                  >
                    Implementation of the Free Code Camp 
                    Tic Tac Toe
                     
                    project in React.js for May 2018 Speedrun.
                  </p>
                </div>
              </div>
            </div>
          </div>
        </div>
      </section>
      <section
        class="PersonalPortfolioWebpage_contact"
        id="contact"
      >
        <h1>
          Contact
        </h1>
        <p>
          You can get ahold of me on
           
          <a
            href="https://twitter.com/P1xt"
          >
            Twitter
          </a>
           and sometimes I write some stuff on
           
          <a
            href="https://medium.com/@P1xt"
          >
            Medium
          </a>
          .
        </p>
        <p>
          Though, truth be told, this is a throwaway project for a speedrun I'm doing so caveat emptor - if you're using this to contact me, you're probably going to be disappointed.
        </p>
      </section>
    </div>
  </div>
</div>
`;
